{'STAT2HEADER': 'STAT2HEADER', 'STAT2HEADER_ENVIRON': 'environ({\'__LMOD_STACK_CONDA_STAGE_PROLOGUE\': \'bW9kdWxlIGxvYWQgQ0JJIGNvbmRhLXN0YWdl:bW9kdWxlIGxvYWQgQ0JJIGNvbmRhLXN0YWdl:bW9kdWxlIGxvYWQgQ0JJIGNvbmRhLXN0YWdl\', \'CONDA_SHLVL\': \'2\', \'CBI_ROCKY8_WARNED\': \'true\', \'LS_COLORS\': \'rs=0:di=38;5;33:ln=38;5;51:mh=00:pi=40;38;5;11:so=38;5;13:do=38;5;5:bd=48;5;232;38;5;11:cd=48;5;232;38;5;3:or=48;5;232;38;5;9:mi=01;05;37;41:su=48;5;196;38;5;15:sg=48;5;11;38;5;16:ca=48;5;196;38;5;226:tw=48;5;10;38;5;16:ow=48;5;10;38;5;21:st=48;5;21;38;5;15:ex=38;5;40:*.tar=38;5;9:*.tgz=38;5;9:*.arc=38;5;9:*.arj=38;5;9:*.taz=38;5;9:*.lha=38;5;9:*.lz4=38;5;9:*.lzh=38;5;9:*.lzma=38;5;9:*.tlz=38;5;9:*.txz=38;5;9:*.tzo=38;5;9:*.t7z=38;5;9:*.zip=38;5;9:*.z=38;5;9:*.dz=38;5;9:*.gz=38;5;9:*.lrz=38;5;9:*.lz=38;5;9:*.lzo=38;5;9:*.xz=38;5;9:*.zst=38;5;9:*.tzst=38;5;9:*.bz2=38;5;9:*.bz=38;5;9:*.tbz=38;5;9:*.tbz2=38;5;9:*.tz=38;5;9:*.deb=38;5;9:*.rpm=38;5;9:*.jar=38;5;9:*.war=38;5;9:*.ear=38;5;9:*.sar=38;5;9:*.rar=38;5;9:*.alz=38;5;9:*.ace=38;5;9:*.zoo=38;5;9:*.cpio=38;5;9:*.7z=38;5;9:*.rz=38;5;9:*.cab=38;5;9:*.wim=38;5;9:*.swm=38;5;9:*.dwm=38;5;9:*.esd=38;5;9:*.jpg=38;5;13:*.jpeg=38;5;13:*.mjpg=38;5;13:*.mjpeg=38;5;13:*.gif=38;5;13:*.bmp=38;5;13:*.pbm=38;5;13:*.pgm=38;5;13:*.ppm=38;5;13:*.tga=38;5;13:*.xbm=38;5;13:*.xpm=38;5;13:*.tif=38;5;13:*.tiff=38;5;13:*.png=38;5;13:*.svg=38;5;13:*.svgz=38;5;13:*.mng=38;5;13:*.pcx=38;5;13:*.mov=38;5;13:*.mpg=38;5;13:*.mpeg=38;5;13:*.m2v=38;5;13:*.mkv=38;5;13:*.webm=38;5;13:*.ogm=38;5;13:*.mp4=38;5;13:*.m4v=38;5;13:*.mp4v=38;5;13:*.vob=38;5;13:*.qt=38;5;13:*.nuv=38;5;13:*.wmv=38;5;13:*.asf=38;5;13:*.rm=38;5;13:*.rmvb=38;5;13:*.flc=38;5;13:*.avi=38;5;13:*.fli=38;5;13:*.flv=38;5;13:*.gl=38;5;13:*.dl=38;5;13:*.xcf=38;5;13:*.xwd=38;5;13:*.yuv=38;5;13:*.cgm=38;5;13:*.emf=38;5;13:*.ogv=38;5;13:*.ogx=38;5;13:*.aac=38;5;45:*.au=38;5;45:*.flac=38;5;45:*.m4a=38;5;45:*.mid=38;5;45:*.midi=38;5;45:*.mka=38;5;45:*.mp3=38;5;45:*.mpc=38;5;45:*.ogg=38;5;45:*.ra=38;5;45:*.wav=38;5;45:*.oga=38;5;45:*.opus=38;5;45:*.spx=38;5;45:*.xspf=38;5;45:\', \'CONDA_EXE\': \'/salilab/diva1/home/anaconda/anaconda3/bin/conda\', \'__LMOD_REF_COUNT_PATH\': \'/wynton/home/cbi/shared/software/CBI/conda-stage-0.7.1/bin:3;/wynton/home/sali/mhancock/.conda/envs/imp_219/bin:1;/salilab/diva1/home/anaconda/anaconda3/condabin:1;/opt/sge/bin:1;/opt/sge/bin/lx-amd64:1;/usr/local/bin:1;/usr/bin:1;/usr/local/sbin:1;/usr/sbin:1;/wynton/home/sali/mhancock/.local/bin:1;/wynton/home/sali/mhancock/bin:1\', \'_ModuleTable002_\': \'MC43LjEiLApsb2FkT3JkZXIgPSAyLApwcm9wVCA9IHt9LApzdGFja0RlcHRoID0gMCwKc3RhdHVzID0gImFjdGl2ZSIsCnVzZXJOYW1lID0gImNvbmRhLXN0YWdlIiwKd1YgPSAiMDAwMDAwMDAwLjAwMDAwMDAwNy4wMDAwMDAwMDEuKnpmaW5hbCIsCn0sCn0sCm1wYXRoQSA9IHsKIi93eW50b24vaG9tZS9jYmkvc2hhcmVkL21vZHVsZWZpbGVzL0NCSSIKLCAiL3d5bnRvbi9ob21lL2NiaS9zaGFyZWQvbW9kdWxlZmlsZXMvQ0JJL19yb2NreTgiLCAiL2V0Yy9zY2wvbW9kdWxlZmlsZXMiCiwgIi9ldGMvbW9kdWxlZmlsZXMiLCAiL3Vzci9zaGFyZS9tb2R1bGVmaWxlcyIsICIvdXNyL3NoYXJlL21vZHVsZWZpbGVzL0xpbnV4IgosICIvdXNyL3NoYXJlL21vZHVsZWZpbGVzL0Nv\', \'SSH_CONNECTION\': \'172.26.44.11 53222 172.26.44.131 22\', \'CONDA_STAGE_PROLOGUE\': \'module load CBI conda-stage\', \'GOTO_NUM_THREADS\': \'1\', \'LANG\': \'en_US.UTF-8\', \'HISTCONTROL\': \'ignoredups\', \'HOSTNAME\': \'dev1.wynton.ucsf.edu\', \'OPENBLAS_NUM_THREADS\': \'1\', \'OLDPWD\': \'/wynton/home/sali/mhancock/mtorc2/scripts\', \'SGE_CELL\': \'wynton\', \'GSETTINGS_SCHEMA_DIR_CONDA_BACKUP\': \'\', \'CONDA_PREFIX\': \'/scratch/mhancock/conda-stage-PUsf/imp_219\', \'__LMOD_STACK_SOFTWARE_ROOT_CBI\': \'L3d5bnRvbi9ob21lL2NiaS9zaGFyZWQvc29mdHdhcmUvQ0JJ\', \'_CE_M\': \'\', \'which_declare\': \'declare -f\', \'XDG_SESSION_ID\': \'9515\', \'USER\': \'mhancock\', \'CONDA_PREFIX_1\': \'/scratch/mhancock/conda-stage-S4XG/imp_219\', \'SELINUX_ROLE_REQUESTED\': \'\', \'__LMOD_REF_COUNT_MODULEPATH\': \'/wynton/home/cbi/shared/modulefiles/CBI:1;/wynton/home/cbi/shared/modulefiles/CBI/_rocky8:1;/etc/scl/modulefiles:1;/etc/modulefiles:1;/usr/share/modulefiles:1;/usr/share/modulefiles/Linux:1;/usr/share/modulefiles/Core:1;/usr/share/lmod/lmod/modulefiles/Core:1\', \'PWD\': \'/wynton/home/sali/mhancock/mtorc2/scripts/sample\', \'HOME\': \'/wynton/home/sali/mhancock\', \'CONDA_PYTHON_EXE\': \'/salilab/diva1/home/anaconda/anaconda3/bin/python\', \'SSH_CLIENT\': \'172.26.44.11 53222 22\', \'LMOD_VERSION\': \'8.7.30\', \'__LMOD_STACK_MODULE_ROOT_CBI\': \'L3d5bnRvbi9ob21lL2NiaS9zaGFyZWQvbW9kdWxlZmlsZXMvQ0JJ\', \'SELINUX_LEVEL_REQUESTED\': \'\', \'https_proxy\': \'http://prox1:3128/\', \'__LMOD_STACK_CBI_LINUX\': \'cm9ja3k4\', \'BASH_ENV\': \'/usr/share/lmod/lmod/init/bash\', \'MODULE_ROOT_CBI\': \'/wynton/home/cbi/shared/modulefiles/CBI\', \'http_proxy\': \'http://prox1:3128/\', \'_CE_CONDA\': \'\', \'GSETTINGS_SCHEMA_DIR\': \'/scratch/mhancock/conda-stage-PUsf/imp_219/share/glib-2.0/schemas\', \'MKL_NUM_THREADS\': \'1\', \'CONDA_STAGE_AUTOSTAGED\': \'true\', \'SGE_ROOT\': \'/opt/sge\', \'__LMOD_STACK_CBI_ROCKY8_WARNED\': \'dHJ1ZQ==\', \'TMPDIR\': \'/scratch/mhancock\', \'LMOD_sys\': \'Linux\', \'_ModuleTable001_\': \'X01vZHVsZVRhYmxlXyA9IHsKTVR2ZXJzaW9uID0gMywKY19yZWJ1aWxkVGltZSA9IGZhbHNlLApjX3Nob3J0VGltZSA9IGZhbHNlLApkZXB0aFQgPSB7fSwKZmFtaWx5ID0ge30sCm1UID0gewpDQkkgPSB7CmZuID0gIi9ldGMvbW9kdWxlZmlsZXMvQ0JJLmx1YSIsCmZ1bGxOYW1lID0gIkNCSSIsCmxvYWRPcmRlciA9IDEsCnByb3BUID0ge30sCnN0YWNrRGVwdGggPSAwLApzdGF0dXMgPSAiYWN0aXZlIiwKdXNlck5hbWUgPSAiQ0JJIiwKd1YgPSAiTS4qemZpbmFsIiwKfSwKWyJjb25kYS1zdGFnZSJdID0gewpmbiA9ICIvd3ludG9uL2hvbWUvY2JpL3NoYXJlZC9tb2R1bGVmaWxlcy9DQkkvY29uZGEtc3RhZ2UvMC43LjEubHVhIiwKZnVsbE5hbWUgPSAiY29uZGEtc3RhZ2Uv\', \'LOADEDMODULES\': \'CBI:conda-stage/0.7.1\', \'no_proxy\': \'localhost,127.0.0.1\', \'CONDA_STAGE_STAGED\': \'true\', \'_ModuleTable003_\': \'cmUiLCAiL3Vzci9zaGFyZS9sbW9kL2xtb2QvbW9kdWxlZmlsZXMvQ29yZSIsCn0sCnN5c3RlbUJhc2VNUEFUSCA9ICIvZXRjL3NjbC9tb2R1bGVmaWxlczovZXRjL21vZHVsZWZpbGVzOi91c3Ivc2hhcmUvbW9kdWxlZmlsZXM6L3Vzci9zaGFyZS9tb2R1bGVmaWxlcy9MaW51eDovdXNyL3NoYXJlL21vZHVsZWZpbGVzL0NvcmU6L3Vzci9zaGFyZS9sbW9kL2xtb2QvbW9kdWxlZmlsZXMvQ29yZSIsCn0K\', \'LMOD_ROOT\': \'/usr/share/lmod\', \'CONDA_PROMPT_MODIFIER\': \'(/scratch/mhancock/conda-stage-PUsf/imp_219) \', \'SSH_TTY\': \'/dev/pts/33\', \'MAIL\': \'/var/spool/mail/mhancock\', \'TERM\': \'xterm-256color\', \'SHELL\': \'/bin/bash\', \'SOFTWARE_ROOT_CBI\': \'/wynton/home/cbi/shared/software/CBI\', \'_ModuleTable_Sz_\': \'3\', \'SELINUX_USE_CURRENT_RANGE\': \'\', \'CBI_LINUX\': \'rocky8\', \'TMOUT\': \'28800\', \'R_FUTURE_AVAILABLECORES_FALLBACK\': \'1\', \'SHLVL\': \'1\', \'MANPATH\': \'/opt/sge/man:/usr/share/lmod/lmod/share/man:\', \'MODULEPATH\': \'/wynton/home/cbi/shared/modulefiles/CBI:/wynton/home/cbi/shared/modulefiles/CBI/_rocky8:/etc/scl/modulefiles:/etc/modulefiles:/usr/share/modulefiles:/usr/share/modulefiles/Linux:/usr/share/modulefiles/Core:/usr/share/lmod/lmod/modulefiles/Core\', \'LOGNAME\': \'mhancock\', \'DBUS_SESSION_BUS_ADDRESS\': \'unix:path=/run/user/11126/bus\', \'XDG_RUNTIME_DIR\': \'/run/user/11126\', \'MODULEPATH_ROOT\': \'/usr/share/modulefiles\', \'PATH\': \'/wynton/home/cbi/shared/software/CBI/conda-stage-0.7.1/bin:/scratch/mhancock/conda-stage-PUsf/imp_219/bin:/salilab/diva1/home/anaconda/anaconda3/condabin:/opt/sge/bin:/opt/sge/bin/lx-amd64:/usr/local/bin:/usr/bin:/usr/local/sbin:/usr/sbin:/wynton/home/sali/mhancock/.local/bin:/wynton/home/sali/mhancock/bin\', \'_LMFILES_\': \'/etc/modulefiles/CBI.lua:/wynton/home/cbi/shared/modulefiles/CBI/conda-stage/0.7.1.lua\', \'DEBUGINFOD_URLS\': \'https://debuginfod.centos.org/ \', \'MODULESHOME\': \'/usr/share/Modules\', \'CONDA_DEFAULT_ENV\': \'/scratch/mhancock/conda-stage-PUsf/imp_219\', \'LMOD_SETTARG_FULL_SUPPORT\': \'no\', \'HISTSIZE\': \'1000\', \'SGE_ARCH\': \'lx-amd64\', \'LMOD_PKG\': \'/usr/share/lmod/lmod\', \'ftp_proxy\': \'http://prox1:3128/\', \'RSYNC_PROXY\': \'prox1:3128\', \'XML_CATALOG_FILES\': \'file:///scratch/mhancock/conda-stage-PUsf/imp_219/etc/xml/catalog file:///etc/xml/catalog\', \'LMOD_CMD\': \'/usr/share/lmod/lmod/libexec/lmod\', \'CVS_RSH\': \'ssh\', \'LESSOPEN\': \'||/usr/bin/lesspipe.sh %s\', \'OMP_NUM_THREADS\': \'1\', \'SGE_CLUSTER_NAME\': \'wynton_cluster\', \'LMOD_DIR\': \'/usr/share/lmod/lmod/libexec\', \'BASH_FUNC_which%%\': \'() {  ( alias;\\n eval ${which_declare} ) | /usr/bin/which --tty-only --read-alias --read-functions --show-tilde --show-dot $@\\n}\', \'BASH_FUNC_module%%\': \'() {  if [ -z "${LMOD_SH_DBG_ON+x}" ]; then\\n case "$-" in \\n *v*x*)\\n __lmod_sh_dbg=\\\'vx\\\'\\n ;;\\n *v*)\\n __lmod_sh_dbg=\\\'v\\\'\\n ;;\\n *x*)\\n __lmod_sh_dbg=\\\'x\\\'\\n ;;\\n esac;\\n fi;\\n if [ -n "${__lmod_sh_dbg:-}" ]; then\\n set +$__lmod_sh_dbg;\\n echo "Shell debugging temporarily silenced: export LMOD_SH_DBG_ON=1 for Lmod\\\'s output" 1>&2;\\n fi;\\n eval "$($LMOD_CMD shell "$@")" && eval "$(${LMOD_SETTARG_CMD:-:} -s sh)";\\n __lmod_my_status=$?;\\n if [ -n "${__lmod_sh_dbg:-}" ]; then\\n echo "Shell debugging restarted" 1>&2;\\n set -$__lmod_sh_dbg;\\n fi;\\n unset __lmod_sh_dbg;\\n return $__lmod_my_status\\n}\', \'BASH_FUNC_scl%%\': \'() {  if [ "$1" = "load" -o "$1" = "unload" ]; then\\n eval "module $@";\\n else\\n /usr/bin/scl "$@";\\n fi\\n}\', \'BASH_FUNC_ml%%\': \'() {  eval "$($LMOD_DIR/ml_cmd "$@")"\\n}\', \'_\': \'/scratch/mhancock/conda-stage-PUsf/imp_219/bin/python3\', \'KMP_DUPLICATE_LIB_OK\': \'True\', \'KMP_INIT_AT_FORK\': \'FALSE\'})', 'STAT2HEADER_IMP_VERSIONS': "{'IMP_VERSION': '2.19.0', 'PMI_VERSION': '2.19.0'}", 0: 'ReplicaExchange_SwapSuccessRatio', 1: 'ReplicaExchange_MinTempFrequency', 2: 'ReplicaExchange_MaxTempFrequency', 3: 'ReplicaExchange_CurrentTemp', 4: 'score'} 
{0: '0', 1: '0', 2: '0', 3: '1.0', 4: 207139.5421606445} 
{0: '0.0', 1: '1.0', 2: '0.0', 3: '1.0', 4: 159537.7084723101} 
{0: '0.0', 1: '1.0', 2: '0.0', 3: '1.0', 4: 102844.49354198916} 
{0: '0.0', 1: '1.0', 2: '0.0', 3: '1.0', 4: 69104.39177105678} 
{0: '0.0', 1: '1.0', 2: '0.0', 3: '1.0', 4: 64250.35142716701} 
{0: '0.0', 1: '1.0', 2: '0.0', 3: '1.0', 4: 49564.28730311593} 
